============================================================================================== 
Warning! Mixing Conda and module environments may lead to corruption of the
user environment. 
We do not recommend users mixing those two environments unless absolutely
necessary. Note that 
SURF does not provide any support for Conda environment.
For more information, please refer to our software policy page:
https://servicedesk.surf.nl/wiki/display/WIKI/Software+policy+Snellius#SoftwarepolicySnellius-UseofAnacondaandMinicondaenvironmentsonSnellius 

Remember that many packages have already been installed on the system and can
be loaded using 
the 'module load <package__name>' command. If you are uncertain if a package is
already available 
on the system, please use 'module avail' or 'module spider' to search for it.
============================================================================================== 
[rank: 0] Seed set to 0
/gpfs/home6/scur2454/DL-Labs/assignment2/part2/generate.py:104: FutureWarning: You are using `torch.load` with `weights_only=False` (the current default value), which uses the default pickle module implicitly. It is possible to construct malicious pickle data which will execute arbitrary code during unpickling (See https://github.com/pytorch/pytorch/blob/main/SECURITY.md#untrusted-models for more details). In a future release, the default value for `weights_only` will be flipped to `True`. This limits the functions that could be executed during unpickling. Arbitrary objects will no longer be allowed to be loaded via this mode unless they are explicitly allowlisted by the user via `torch.serialization.add_safe_globals`. We recommend you start setting `weights_only=True` for any use case where you don't have full control of the loaded file. Please open an issue on GitHub for any issues related to this experimental feature.
  state_dict = torch.load(model_weights_path)
True False
number of parameters: 10.73M
data has 540241 characters, 87 unique.
running on device cpu
--------------------------------------------------------------------------------
Can you tell a joke?’ ‘And what he should want to go to
the wars. He had not enough to seek for advice, and had lost penned it in
the stables; and the mother said, ‘O father can have some weeping through the
castle hall,
--------------------------------------------------------------------------------
Can you tell a joke?’ ‘No,’ said the
night, ‘the wind blew into the water, and the fifth in a moment after the
other, and which came the merry beast that they might still see him so well that
he would fill she say.

Now 
--------------------------------------------------------------------------------
Can you tell a joke? You with me to do you that only properly of the
poor.’ Now he said that, ‘I shall be free, and will come and bring you
the fire love your bed when I was gone;

there reward a change of it sneep, and 
--------------------------------------------------------------------------------
Can you tell a joke? You shall at him with their fiery
heavily.’ ‘With her away so early, Little Red-Cap?’

‘I will search one by it.’ ‘Yellow thought my comrade,’ said the cat, ‘it is no worse
than Crumb-stealer, as you
--------------------------------------------------------------------------------
Can you tell a joke?’ The man, and said:

 ‘O man of the sea!
  Hearken to me!
  My wife I am just I would be hanged.’

Then the king said to the young princess, ‘As you have given your word
you must keep it; so go and l
