============================================================================================== 
Warning! Mixing Conda and module environments may lead to corruption of the
user environment. 
We do not recommend users mixing those two environments unless absolutely
necessary. Note that 
SURF does not provide any support for Conda environment.
For more information, please refer to our software policy page:
https://servicedesk.surf.nl/wiki/display/WIKI/Software+policy+Snellius#SoftwarepolicySnellius-UseofAnacondaandMinicondaenvironmentsonSnellius 

Remember that many packages have already been installed on the system and can
be loaded using 
the 'module load <package__name>' command. If you are uncertain if a package is
already available 
on the system, please use 'module avail' or 'module spider' to search for it.
============================================================================================== 
[rank: 0] Seed set to 0
/gpfs/home6/scur2454/DL-Labs/assignment2/part2/generate.py:104: FutureWarning: You are using `torch.load` with `weights_only=False` (the current default value), which uses the default pickle module implicitly. It is possible to construct malicious pickle data which will execute arbitrary code during unpickling (See https://github.com/pytorch/pytorch/blob/main/SECURITY.md#untrusted-models for more details). In a future release, the default value for `weights_only` will be flipped to `True`. This limits the functions that could be executed during unpickling. Arbitrary objects will no longer be allowed to be loaded via this mode unless they are explicitly allowlisted by the user via `torch.serialization.add_safe_globals`. We recommend you start setting `weights_only=True` for any use case where you don't have full control of the loaded file. Please open an issue on GitHub for any issues related to this experimental feature.
  state_dict = torch.load(model_weights_path)
True False
number of parameters: 10.73M
data has 540241 characters, 87 unique.
running on device cpu
Traceback (most recent call last):
  File "/gpfs/home6/scur2454/DL-Labs/assignment2/part2/generate.py", line 144, in <module>
    generate(
  File "/home/scur2454/.conda/envs/dl2025/lib/python3.12/site-packages/torch/utils/_contextlib.py", line 116, in decorate_context
    return func(*args, **kwargs)
           ^^^^^^^^^^^^^^^^^^^^^
  File "/gpfs/home6/scur2454/DL-Labs/assignment2/part2/generate.py", line 59, in generate
    dix = model.dataset.tokenizer.encode(prompt)
          ^^^^^^^^^^^^^^^^^^^^^^^^^^^^^^^^^^^^^^
  File "/gpfs/home6/scur2454/DL-Labs/assignment2/part2/dataset.py", line 26, in encode
    out = [self.string_to_index[ch] for ch in string]
           ~~~~~~~~~~~~~~~~~~~~^^^^
KeyError: "'"
srun: error: gcn10: task 0: Exited with exit code 1
srun: Terminating StepId=16638836.0
