============================================================================================== 
Warning! Mixing Conda and module environments may lead to corruption of the
user environment. 
We do not recommend users mixing those two environments unless absolutely
necessary. Note that 
SURF does not provide any support for Conda environment.
For more information, please refer to our software policy page:
https://servicedesk.surf.nl/wiki/display/WIKI/Software+policy+Snellius#SoftwarepolicySnellius-UseofAnacondaandMinicondaenvironmentsonSnellius 

Remember that many packages have already been installed on the system and can
be loaded using 
the 'module load <package__name>' command. If you are uncertain if a package is
already available 
on the system, please use 'module avail' or 'module spider' to search for it.
============================================================================================== 
[rank: 0] Seed set to 0
Traceback (most recent call last):
  File "/gpfs/home6/scur2454/DL-Labs/assignment2/part2/generate.py", line 103, in <module>
    model_weights_path = os.path.join(args.model_weights_folder, sorted(os.listdir(args.model_weights_folder))[-1])
                                                                        ^^^^^^^^^^^^^^^^^^^^^^^^^^^^^^^^^^^^^
FileNotFoundError: [Errno 2] No such file or directory: './logs/gpt-mini/version_2/checkpoints'
srun: error: gcn33: task 0: Exited with exit code 1
srun: Terminating StepId=16911796.0
