============================================================================================== 
Warning! Mixing Conda and module environments may lead to corruption of the
user environment. 
We do not recommend users mixing those two environments unless absolutely
necessary. Note that 
SURF does not provide any support for Conda environment.
For more information, please refer to our software policy page:
https://servicedesk.surf.nl/wiki/display/WIKI/Software+policy+Snellius#SoftwarepolicySnellius-UseofAnacondaandMinicondaenvironmentsonSnellius 

Remember that many packages have already been installed on the system and can
be loaded using 
the 'module load <package__name>' command. If you are uncertain if a package is
already available 
on the system, please use 'module avail' or 'module spider' to search for it.
============================================================================================== 
[rank: 0] Seed set to 0
/gpfs/home6/scur2454/DL-Labs/assignment2/part2/generate.py:104: FutureWarning: You are using `torch.load` with `weights_only=False` (the current default value), which uses the default pickle module implicitly. It is possible to construct malicious pickle data which will execute arbitrary code during unpickling (See https://github.com/pytorch/pytorch/blob/main/SECURITY.md#untrusted-models for more details). In a future release, the default value for `weights_only` will be flipped to `True`. This limits the functions that could be executed during unpickling. Arbitrary objects will no longer be allowed to be loaded via this mode unless they are explicitly allowlisted by the user via `torch.serialization.add_safe_globals`. We recommend you start setting `weights_only=True` for any use case where you don't have full control of the loaded file. Please open an issue on GitHub for any issues related to this experimental feature.
  state_dict = torch.load(model_weights_path)
True False
number of parameters: 10.73M
data has 540241 characters, 87 unique.
running on device cpu
--------------------------------------------------------------------------------
That is how the prince died, and heard how she spun
so quickly throw them, and did not go once only, but may that we are not
learn to drink. She was led forth a little tailor to the temptation, and
took a deep draught.

When th
--------------------------------------------------------------------------------
That is how the prince died to him, however,
they stood the little laugh and went to bed. In the morning was a
strange so long before he was so much in love that he thought of nothing else
but looking their wants to catch two, 
--------------------------------------------------------------------------------
That is how the prince died them back again over the lake (but his puddler was come
diating with the young lady heard of this, and could hear a piece of
sugar, that we should have fine weather for our washing-day, and yet my
mo
--------------------------------------------------------------------------------
That is how the prince died, and then to
steal after another came home and saw that the princess had thrown a pointed
child, and pleased him back into the form again, and when he had sat
there a short time a cloak in the way ho
--------------------------------------------------------------------------------
That is how the prince died, and laughed at him, and said, ‘Well,
what is her tove were to do such silly things!’ said the sunbeast, ‘in the
castle three times as much as before. If he was gone to her, he was about the fox was 
