============================================================================================== 
Warning! Mixing Conda and module environments may lead to corruption of the
user environment. 
We do not recommend users mixing those two environments unless absolutely
necessary. Note that 
SURF does not provide any support for Conda environment.
For more information, please refer to our software policy page:
https://servicedesk.surf.nl/wiki/display/WIKI/Software+policy+Snellius#SoftwarepolicySnellius-UseofAnacondaandMinicondaenvironmentsonSnellius 

Remember that many packages have already been installed on the system and can
be loaded using 
the 'module load <package__name>' command. If you are uncertain if a package is
already available 
on the system, please use 'module avail' or 'module spider' to search for it.
============================================================================================== 
[rank: 0] Seed set to 0
/gpfs/home6/scur2454/DL-Labs/assignment2/part2/generate.py:104: FutureWarning: You are using `torch.load` with `weights_only=False` (the current default value), which uses the default pickle module implicitly. It is possible to construct malicious pickle data which will execute arbitrary code during unpickling (See https://github.com/pytorch/pytorch/blob/main/SECURITY.md#untrusted-models for more details). In a future release, the default value for `weights_only` will be flipped to `True`. This limits the functions that could be executed during unpickling. Arbitrary objects will no longer be allowed to be loaded via this mode unless they are explicitly allowlisted by the user via `torch.serialization.add_safe_globals`. We recommend you start setting `weights_only=True` for any use case where you don't have full control of the loaded file. Please open an issue on GitHub for any issues related to this experimental feature.
  state_dict = torch.load(model_weights_path)
True False
number of parameters: 10.73M
data has 540241 characters, 87 unique.
running on device cpu
--------------------------------------------------------------------------------
Once upon a time a taid to deep bring the
work and two days following was called Fulter Tales, by The Brothers Grimm

*** EN Project Gut
--------------------------------------------------------------------------------
Once upon a time and who was so clear and the power of
which he had to eat. Then she went out and sent away with her
clever each other, 
--------------------------------------------------------------------------------
Once upon a time a poor pears to very for the little morning, and he fell
down lifeless on the ground.

However, she was not deeper into
--------------------------------------------------------------------------------
Once upon a time the king had never tasted anyone what had happened. She knew
nothing of making fires and cooking, and the fiddler was w
--------------------------------------------------------------------------------
Once upon a time a poor peasant called Crabb, who drove with
two oxen a load of wood to the town, and sold it to a doctor for two
talers
